// Jest Snapshot v1, https://goo.gl/fbAQLP

exports[`Home Matches DOM Snapshot 1`] = `
<DocumentFragment>
  <div
    class="Home flex-auto bg-[color:var(--bg-light)] dark:bg-[color:var(--bg-dark)] items-center justify-center min-h-screen min-w-screen overflow-x-hidden overflow-y-auto"
  >
    <header
      class="bg-[color:var(--bg-light)] dark:bg-[color:var(--bg-dark)] flex flex-col flex-grow min-h-screen min-w-screen Home-header"
    >
      <style>
        @import url(https://fonts.googleapis.com/css2?family=Space+Grotesk:wght@500&family=Tilt+Warp&display=swap);
      </style>
      <button
        class="fixed items-center justify-center top-1 right-0 z-10 text-[color:var(--sidebar-button-light)] dark:text-[color:var(--sidebar-button-dark)] bg-transparent rounded-lg text-sm px-5 py-5 mr-2 mb-2"
        type="button"
      >
        <svg
          class="w-7 h-7"
          fill="currentColor"
          stroke="currentColor"
          stroke-width="3"
          viewBox="0 0 24 24"
          xmlns="http://www.w3.org/2000/svg"
        >
          <path
            d="M3.75 6.75h16.5M3.75 12h16.5m-16.5 5.25h16.5"
            stroke-linecap="round"
            stroke-linejoin="round"
          />
        </svg>
      </button>
      <main
        class="fixed overflow-y-scroll overflow-hidden z-10 inset-0 transform ease-in-out transition-all delay-50 duration-500 opacity-0 translate-x-full"
        style="z-index: 50;"
      >
        <div
          class="absolute inset-0 bg-gray-500 opacity-75"
        />
        <div
          class="w-screen max-w-lg right-0 bg-[color:var(--sidebar-bg-light)] dark:bg-[color:var(--sidebar-bg-dark)] h-full w-full absolute right-0transform translate-x-full ease-in"
          style="z-index: 50;"
        >
          <div
            class="flex items-center justify-between m-5"
          >
            <h1
              class="text-xl font-semibold text-[color:var(--sidebar-h1-light)] dark:text-[color:var(--sidebar-h1-dark)]"
            >
              Welcome to FoodSnap!
            </h1>
            <button
              aria-label="Close"
              class="text-[color:var(--sidebar-p-light)] dark:text-[color:var(--sidebar-p-dark)] focus:outline-none"
            >
              <svg
                class="h-6 w-6 fill-current text-[color:var(--sidebar-button-light)] dark:text-[color:var(--sidebar-button-dark)]"
                viewBox="0 0 24 24"
                xmlns="http://www.w3.org/2000/svg"
              >
                <path
                  class="heroicon-ui"
                  d="M6.7 5.3a1 1 0 0 0-1.4 1.4L10.6 12l-5.3 5.3a1 1 0 1 0 1.4 1.4L12 13.4l5.3 5.3a1 1 0 0 0 1.4-1.4L13.4 12l5.3-5.3a1 1 0 0 0-1.4-1.4L12 10.6l-5.3-5.3z"
                />
              </svg>
            </button>
          </div>
          <div
            class="flex flex-col m-5"
          />
        </div>
        <div
          class=" w-screen h-full cursor-pointer z-20"
        />
      </main>
      <div
        class="flex-col justify-center items-center min-h-screen px-8 lg:px-64 -mt-5"
      >
        <div
          class="mt-10 -mb-12 flex-none"
        >
          <img
            alt="FoodSnap logo"
            class="h-auto max-w-full scale-50"
            src=""
          />
        </div>
        <div
          class=" flex-col flex justify-center items-center w-full"
        >
          <div>
            <h1
              class="-mt-5 ml-12 flex items-center text-center mb-4 text-6xl font-normal leading-none tracking-tight text-gray-900 dark:text-white"
            >
              <span
                class="flex-row text-center text-transparent bg-clip-text bg-opacity-50 bg-gradient-to-r from-[color:var(--header-gradient-first-light)] to-[color:var(--header-gradient-last-light)] dark:from-[color:var(--header-gradient-first-dark)] dark:to-[color:var(--header-gradient-last-dark)]"
              >
                 FoodSnap.
              </span>
               
              <span
                class="font-sans mb-6 flex-inline bg-[color:var(--badge-bg-light)] dark:bg-[color:var(--badge-bg-dark)] text-[color:var(--badge-text-light)] dark:text-[color:var(--badge-text-dark)]  text-xs font-semibold -ml-2 mr-2 px-2.5 py-0.5 rounded"
              >
                ALPHA
              </span>
            </h1>
            <p
              class="mb-4 text-center text-l font-bold text-[color:var(--h1-light)] dark:text-[color:var(--h1-dark)]"
            >
              Smart
              <span
                class="text-transparent bg-clip-text bg-opacity-50 bg-gradient-to-r from-[color:var(--gradient-first-light)] to-[color:var(--gradient-last-light)] dark:from-[color:var(--gradient-first-dark)] dark:to-[color:var(--gradient-last-dark)] "
              >
                 AI-powered
              </span>
               calorie estimation
            </p>
            <p
              class="mb-6 text-sm font-normal text-center text-[color:var(--p-light)] dark:text-[color:var(--p-dark)] lg:text-xl sm:px-16 xl:px-48"
            />
          </div>
        </div>
        <div
          class="flex flex-col justify-center items-center block"
        >
          <form
            class="flex flex-col justify-center items-center mt-4"
            data-testid="upload-form"
          >
            <div
              class="w-full justify-center text-left"
            >
              <label
                class="justify-left block mb-2 text-sm font-medium text-[color:var(--label-txt-light)] dark:text-[color:var(--label-txt-dark)]"
                for="plate-value"
              >
                Enter your plate diameter:
              </label>
              <div
                class="flex items-center"
              >
                <input
                  class="focus:ring-2 focus:ring-offset-2 focus:ring-green-500 focus:border-green-500 w-full block w-full text-sm text-gray-900 border border-gray-300 rounded-lg cursor-pointer bg-gray-50 dark:text-gray-400 focus:outline-none dark:bg-gray-700 dark:border-gray-600 dark:placeholder-gray-400 text-sm rounded-lg block w-full p-2.5 dark:bg-gray-700 dark:border-green-500"
                  id="plate-value"
                  max="40"
                  min="10"
                  placeholder="Default: 25cm"
                  step="0.5"
                  type="number"
                  value=""
                />
                <div
                  class="dark:text-white group pl-2 relative flex w-max"
                >
                  <svg
                    class="w-6 h-6"
                    fill="none"
                    stroke="currentColor"
                    stroke-width="1.5"
                    viewBox="0 0 24 24"
                    xmlns="http://www.w3.org/2000/svg"
                  >
                    <path
                      d="M9.879 7.519c1.171-1.025 3.071-1.025 4.242 0 1.172 1.025 1.172 2.687 0 3.712-.203.179-.43.326-.67.442-.745.361-1.45.999-1.45 1.827v.75M21 12a9 9 0 11-18 0 9 9 0 0118 0zm-9 5.25h.008v.008H12v-.008z"
                      stroke-linecap="round"
                      stroke-linejoin="round"
                    />
                  </svg>
                  <span
                    class="w-max group-hover:scale-100 absolute z-10 invisible bg-[color:var(--tooltip-background-light)] dark:bg-[color:var(--tooltip-background-dark)] text-[color:var(--tooltip-text-light)] dark:text-[color:var(--tooltip-text-dark)] text-xs font-medium rounded-lg shadow-sm tooltip p-2.5 -mt-8 -top-5 right-0"
                  >
                    Please enter a value between 10 and 40
                  </span>
                </div>
              </div>
              <div
                class="flex justify-center text-left w-full mb-4"
              >
                <div
                  class="justify-center text-left"
                >
                  <label
                    class="justify-left block mt-5 mb-2 text-sm font-medium text-[color:var(--label-txt-light)] dark:text-[color:var(--label-txt-dark)]"
                    for="file_input"
                  >
                    Upload your photo here:
                  </label>
                  <div
                    class="flex justify-center w-full h-10 mb-6"
                  >
                    <input
                      accept=".png,.jpeg,.jpg"
                      class="appearance-none transition-transform duration-300 ease-in-out transform hover:scale-105 active:scale-95 block w-full h-10 text-sm text-gray-900 border border-dark rounded-lg cursor-pointer bg-gray-50 dark:text-gray-400 focus:outline-none dark:bg-gray-700 dark:border-gray-600 dark:placeholder-gray-400"
                      id="file_input"
                      type="file"
                    />
                  </div>
                </div>
              </div>
            </div>
            <div
              class="text-center "
            >
              <button
                class="relative inline-flex items-center justify-center p-0.5  mb-2 mr-2 text-l font-medium text-[color:var(--button-text-light)] dark:text-[color:var(--button-text-dark)] rounded-lg group group-hover:from-pink-500 group-hover:to-orange-400 hover:text-[color:var(--button-text-light)] hover:dark:text-[color:var(--button-text-dark)]  transition-transform duration-300 ease-in-out transform hover:scale-105 active:scale-95"
              >
                <span
                  class="relative px-8 font-bold text-lg py-2.5 transition-all ease-in duration-75 bg-[color:var(--button-background-light)] dark:bg-[color:var(--button-background-dark)] rounded-md group-hover:bg-opacity-0"
                >
                  Estimate!
                </span>
              </button>
            </div>
          </form>
        </div>
      </div>
    </header>
  </div>
</DocumentFragment>
`;
