// Jest Snapshot v1, https://goo.gl/fbAQLP

exports[`Home Matches DOM Snapshot 1`] = `
<DocumentFragment>
  <pre>
    <div
      class="Home"
    >
      <header
        class="Home-header"
      >
        <button
          class="hovering-button"
        >
          About
        </button>
        <h1>
          Welcome to FoodSnap!
        </h1>
        <img
          alt="logo"
          class="Home-logo"
          src=""
        />
        <form
          data-testid="upload-form"
        >
          <p>
            To start upload a picture (.png/.jpeg/.jpg) to get your calorie information!
          </p>
          <input
            accept=".png,.jpeg,.jpg"
            type="file"
          />
          <input
            placeholder="Plate diameter (cm)"
            step="0.01"
            type="number"
          />
          <button
            type="submit"
          >
            Upload
          </button>
        </form>
      </header>
    </div>
  </pre>
</DocumentFragment>
`;
